// Jest Snapshot v1, https://goo.gl/fbAQLP

exports[`<DataView /> render() renders the component with data 1`] = `
<div
  className="row"
>
  <Col
    md={11}
    tag="div"
    widths={
      Array [
        "xs",
        "sm",
        "md",
        "lg",
        "xl",
      ]
    }
  >
    <styled.div>
      <h2>
        Data about 
        Toyota
        s 
        in TestMunicipality
      </h2>
    </styled.div>
    <Table
      responsiveTag="div"
      size="sm"
      tag="table"
    >
      <thead>
        <tr>
          <th>
            Count
          </th>
          <th>
            Avg. age
          </th>
          <th>
            Avg. mileage
          </th>
          <th>
            Avg. power
          </th>
          <th>
            Avg. cylinder size
          </th>
        </tr>
      </thead>
      <tbody>
        <tr>
          <td>
            123
          </td>
          <td>
            13.6
             yrs
          </td>
          <td>
            204759
             km
          </td>
          <td>
            82
             hp
          </td>
          <td>
            1730
             cc
          </td>
        </tr>
      </tbody>
    </Table>
  </Col>
</div>
`;

exports[`<DataView /> render() renders the component without data 1`] = `
<StyledComponent
  forwardedComponent={
    Object {
      "$$typeof": Symbol(react.forward_ref),
      "attrs": Array [],
      "componentStyle": ComponentStyle {
        "componentId": "sc-bxivhb",
        "isStatic": true,
        "rules": Array [
          "
    margin: 20px;
  ",
        ],
      },
      "displayName": "Styled(Row)",
      "foldedComponentIds": Array [],
      "render": [Function],
      "styledComponentId": "sc-bxivhb",
      "target": [Function],
      "toString": [Function],
      "warnTooManyClasses": [Function],
      "withComponent": [Function],
    }
  }
  forwardedRef={null}
>
  Select a sector in the chart
</StyledComponent>
`;
